/*
 * Copyright (c) 2025 bivex
 */

#include <iostream>

int main() {
    std::cout << "Hello, World!" << std::endl;
    return 0;
}